Windows PowerShell
Copyright (C) Microsoft Corporation. Todos los derechos reservados.

Instale la versión más reciente de PowerShell para obtener nuevas características y mejoras. https://aka.ms/PSWindows

PS C:\Users\tonof\OneDrive\Escritorio\REACT> npm init -y
Wrote to C:\Users\tonof\OneDrive\Escritorio\REACT\package.json:

{
  "name": "react",
  "version": "1.0.0",
  "main": "index.js",
  "scripts": {
    "test": "echo \"Error: no test specified\" && exit 1"
  },
  "keywords": [],
  "author": "",
  "license": "ISC",
  "description": ""
}



PS C:\Users\tonof\OneDrive\Escritorio\REACT> mkdir projects


    Directorio: C:\Users\tonof\OneDrive\Escritorio\REACT


Mode                 LastWriteTime         Length Name
----                 -------------         ------ ----
d-----        24/08/2025     16:42                projects


PS C:\Users\tonof\OneDrive\Escritorio\REACT> cd projects
PS C:\Users\tonof\OneDrive\Escritorio\REACT\projects> npm create vite@latest

> react@1.0.0 npx
> create-vite

│
◇  Project name:
│  00-hola-mundo
│
◇  Select a framework:
│  React
│
◇  Select a variant:
│  JavaScript + SWC
│
◇  Scaffolding project in C:\Users\tonof\OneDrive\Escritorio\REACT\projects\00-hola-mundo...
│
└  Done. Now run:

  cd 00-hola-mundo
  npm install
  npm run dev

PS C:\Users\tonof\OneDrive\Escritorio\REACT\projects> cd 00-hola-mundo
PS C:\Users\tonof\OneDrive\Escritorio\REACT\projects\00-hola-mundo> npm install

added 113 packages, and audited 114 packages in 9s

30 packages are looking for funding
  run `npm fund` for details

found 0 vulnerabilities
PS C:\Users\tonof\OneDrive\Escritorio\REACT\projects\00-hola-mundo> npm run dev

> 00-hola-mundo@0.0.0 dev
> vite


  VITE v7.1.3  ready in 306 ms

  ➜  Local:   http://localhost:5173/
  ➜  Network: use --host to expose
  ➜  press h + enter to show help


PascalCase //POR REACT
camelCase
snake_case
kebab-case